// Jest Snapshot v1, https://goo.gl/fbAQLP

exports[`Tweet Tweet body should replace @user 1`] = `
"
    <style>tweet.scss mock</style>
      <header>
        <img src=\\"tweet/310768979788582912-profile-image\\">
        <span>
          <strong>Frantech Solutions</strong>
          <a href=\\"https://twitter.com/FrantechCA\\" target=\\"_blank\\" rel=\\"noopener\\">@FrantechCA</a>
        </span>
      </header>
      <article>
        <p><a href=\\"https://twitter.com/VictorVEnciso\\">@VictorVEnciso</a> I  got a ton of them coming up this coming week :) Check back then.</p>


        <a href=\\"https://twitter.com/FrantechCA/status/310768979788582912\\" target=\\"_blank\\" rel=\\"noopener\\" id=\\"created-at\\" class=\\"tweet__link\\">
          <time datetime=\\"2013-03-10T14:07:53.000Z\\">10/03/2013, 15:07:53</time>
          via Twitter
          <svg xmlns=\\"http://www.w3.org/2000/svg\\" viewBox=\\"0 0 400 400\\"><defs><style>.cls-1{fill:none;}.cls-2{fill:#1da1f2;}</style></defs><path class=\\"cls-2\\" d=\\"M153.62,301.59c94.34,0,145.94-78.16,145.94-145.94,0-2.22,0-4.43-.15-6.63A104.36,104.36,0,0,0,325,122.47a102.38,102.38,0,0,1-29.46,8.07,51.47,51.47,0,0,0,22.55-28.37,102.79,102.79,0,0,1-32.57,12.45,51.34,51.34,0,0,0-87.41,46.78A145.62,145.62,0,0,1,92.4,107.81a51.33,51.33,0,0,0,15.88,68.47A50.91,50.91,0,0,1,85,169.86c0,.21,0,.43,0,.65a51.31,51.31,0,0,0,41.15,50.28,51.21,51.21,0,0,1-23.16.88,51.35,51.35,0,0,0,47.92,35.62,102.92,102.92,0,0,1-63.7,22A104.41,104.41,0,0,1,75,278.55a145.21,145.21,0,0,0,78.62,23\\"></path></svg>
        </a>

        <a href=\\"https://www.heise.de/embetty?wt_mc=link.embetty.poweredby\\" target=\\"_blank\\" rel=\\"noopener\\" id=\\"powered-by\\" title=\\"embetty - displaying remote content without compromising your privacy.\\">
          powered by embetty.svg mock</a>
      </article>
    "
`;
